[graph_builder import] After math: 50.1 MB
Building graph offline for BBOX=(35.78743, 35.77671, -78.63426, -78.6494)...

[1] Building graph with build_safe_graph()...
In build_safe_graph... [mem: 216.0 MB]
1. Downloading street network for (35.78743, 35.77671, -78.63426, -78.6494)...
   ✓ OSM graph downloaded: 2333 nodes, 7214 edges [mem: 281.7 MB, Δ +65.7 MB]
   ✓ Duke lights fetched: 1341 lights [mem: 290.1 MB, Δ +8.4 MB]
   Projecting graph for spatial operations...
   ✓ Graph projected [mem: 298.9 MB, Δ +8.8 MB]
   Counting 1341 Duke lights within 15m of edges (multi-edge attribution)...
   ▶ Using CRS EPSG:32617 for proximity; units are in projected CRS
   ▶ Min/median/mean distance of sample lights to edges: 0.28 / 1.48 / 6.63 (CRS units)
   ✓ Counted lights with STRtree proximity (15.0m) allowing multi-edge attribution
   ✓ Cleaned up STRtree structures [mem: 276.5 MB, Δ 0.0 MB]
   ▶ Lit edges: 5922/7214 (max lights on an edge: 24)
   Adding walking speeds/travel times to projected graph...
   ✓ Walking speeds/times added (5 km/h) [mem: 276.6 MB]
   Graph before scoring: 2333 nodes, 7214 edges
   Fetching NLCD land cover raster for bbox once...
   NLCD raster loaded (image/tiff): shape (725, 1024) dtype uint8 top_vals {6: 358171, 5: 307165, 4: 68746, 3: 8318}
   ✓ NLCD raster loaded: shape=(725, 1024), 0.7 MB raw [mem: 281.7 MB, Δ +5.1 MB]
   Fetching sidewalk coverage data...
   ✓ Sidewalk data fetched for 21 ways
   Fetching nearby businesses (OSM Overpass)...
   DEBUG: Query format:
[bbox:35.77671,-78.6494,35.78743,-78.63426][timeout:60][out:json];
(
  node["shop"];
  node["amenity...
   Querying Overpass Mirror 1/3 (attempt 1/5)...
     Gateway timeout from Mirror 1/3, trying next mirror...
   Querying Overpass Mirror 2/3 (attempt 1/5)...
   ✓ Success from Mirror 2/3
   ✓ Fetched 109 businesses from Overpass API
   ✓ Found 109 businesses (OSM)
   DEBUG: Sample businesses:
     Solas: lat=35.785661 lon=-78.647583 reviews=0 -> cell=(35786, -78648)
     Sushi O Bistro: lat=35.783628 lon=-78.647245 reviews=0 -> cell=(35784, -78647)
     Sullivan's Steakhouse: lat=35.786009 lon=-78.647127 reviews=0 -> cell=(35786, -78647)
   DEBUG: Total business grid cells: 45
   Scoring edges for walking safety...
   DEBUG: Edge #0 (195426495->2134285025): mid=(35.780311, -78.636418) -> cell=(35780, -78636)
   DEBUG: Found 7 businesses at offset (-2, -2)
   DEBUG: Found 3 businesses at offset (-2, -1)
   DEBUG: Found 1 businesses at offset (-1, -2)
   DEBUG: Found 1 businesses at offset (1, 2)
   DEBUG: Edge #1 (195426495->2134285027): mid=(35.780315, -78.636514) -> cell=(35780, -78637)
   DEBUG: Found 5 businesses at offset (-2, -2)
   DEBUG: Found 7 businesses at offset (-2, -1)
   DEBUG: Found 3 businesses at offset (-2, 0)
   DEBUG: Found 1 businesses at offset (-1, -1)
   DEBUG: Edge #2 (195426495->2134285021): mid=(35.780257, -78.636471) -> cell=(35780, -78636)
   DEBUG: Found 7 businesses at offset (-2, -2)
   DEBUG: Found 3 businesses at offset (-2, -1)
   DEBUG: Found 1 businesses at offset (-1, -2)
   DEBUG: Found 1 businesses at offset (1, 2)
   ▶ NLCD samples: 7214 (unknown: 8) codes_seen: {24: 3454, 21: 28, 22: 530, 23: 3194}
   ▶ Highway tags distribution: {'residential': 248, 'secondary': 324, 'footway': 3734, 'primary': 418, 'tertiary': 684, 'service': 1744, 'living_street': 10, "['tertiary', 'secondary']": 2, 'secondary_link': 2, "['steps', 'footway']": 26, 'pedestrian': 8, 'steps': 6, 'primary_link': 8}
   ▶ Footpaths: 3774/7214 edges (52.3%)
   ▶ Roads: 3440/7214 edges (47.7%)
   ▶ Business proximity: 6728/7214 edges (93.3%) [avg: 0.86]
   ✓ Edge scoring complete [mem: 279.6 MB]
   ✓ NLCD raster released [mem: 280.1 MB, Δ 0.0 MB]
   ✓ Graph re-projected to lat/lon [mem: 293.5 MB, Δ +13.3 MB]
   ✓ Intermediate graphs released [mem: 293.5 MB, Δ 0.0 MB]
   ✓ Build complete [final mem: 293.5 MB, total Δ +77.4 MB]
    Done in 11.35s
    Nodes: 2333
    Edges: 7214
    Lights: 1341
    Businesses: 109

[2] Stripping graph to essential attributes...
Stripping graph to essential attributes...
  Attributes before: ['business_count', 'business_hours', 'business_name', 'business_score', 'danger_score', 'darkness_score', 'has_explicit_sidewalk', 'highway', 'is_footpath', 'land_label', 'land_risk', 'length', 'light_count', 'maxspeed', 'name', 'oneway', 'optimized_weight', 'osmid', 'reversed', 'sidewalk_score', 'speed_kph', 'speed_risk', 'travel_time']
  Attributes after: ['business_count', 'business_hours', 'business_name', 'business_score', 'danger_score', 'darkness_score', 'highway', 'is_footpath', 'land_label', 'land_risk', 'length', 'light_count', 'name', 'optimized_weight', 'sidewalk_score', 'speed_kph', 'speed_risk', 'travel_time']
  Removed 5 attributes per edge

[3] Estimating serialized size...
    Estimated size: 2.01 MB

[4] Saving to graph_prebuilt.pkl...
    Done!

[5] Verifying by loading...
    Loaded: nodes=2333 edges=7214 lights=1341 businesses=109
    BBOX matches: True

✓ Offline build complete!
  Next step: Deploy graph_prebuilt.pkl with web_app.py
